[www.amazon.co.uk/Dell-Inspiron-Anti-Glare-LED-backlit-2019-Laptop-Pentium/dp/B07MPW6R8J/ref=sr_1_2df03.html]
[backblue.gif]
[fade.gif]
[index.html]
[m.media-amazon.com/images/G/01/AUIClients/AmazonUIIcon-sprite_1x-e9434610f810a3a99b3f0e49c1b938c9d76628b8._V2_.png]
[images-eu.ssl-images-amazon.com/images/I/61-6nKPKyWLdce7.js]
[images-eu.ssl-images-amazon.com/images/I/51U6oQUnN6L4221.js]
[images-eu.ssl-images-amazon.com/images/G/02/gno/sprites/nav-sprite-global_bluebeacon-1x_optimized_layout1._CB468502434_.png]
[images-eu.ssl-images-amazon.com/images/G/02/javascripts/lib/popover/images/snake._CB485935565_.gif]
[images-eu.ssl-images-amazon.com/images/G/02/gno/sprites/timeline_sprite_1x._CB439968193_.png]
[www.amazon.co.uk/Dell-Inspiron-Anti-Glare-LED-backlit-2019-Laptop-Pentium/dp/B07MPW6R8J/@c/index.html]
[www.amazon.co.uk/Dell-Inspiron-Anti-Glare-LED-backlit-2019-Laptop-Pentium/dp/B07MPW6R8J/sp.load.html]
[www.amazon.co.uk/Dell-Inspiron-Anti-Glare-LED-backlit-2019-Laptop-Pentium/dp/B07MPW6R8J/@p/index.html]
[images-eu.ssl-images-amazon.com/images/I/21Z7e-BNrlL._RC_71HxPEdMx9L.css,21TJB5pc5TL.css,31DAr4NkZQL.css,21lRUdwotiL.css,41tc24mJIGL.css,11G4HxMtMSL.css,31OvHRW+XiL.css,01XHMOHpK1L.css_d5af.css]
[images-na.ssl-images-amazon.com/images/G/01/javascripts/lib/popover/images/po_left_17._V1_.png]
[g-ec2.images-amazon.com/images/G/01/common/sprites/sprite-autorip-icon._V338213240_.png]
[m.media-amazon.com/images/G/01/pw/pw_badge_mini._CB1580925414_.png]
[images-na.ssl-images-amazon.com/images/G/01/replacement-parts/rpp-info-icon.png]
[images-eu.ssl-images-amazon.com/images/G/03/productAds/pa_feedback_bubble.png]
[m.media-amazon.com/images/G/01/AUIClients/DeliveryStaticPackard-pin_desktop_1x-c944b6819f9e5642fdfd4ff3d1109d60d66d8f87._V2_.png]
[m.media-amazon.com/images/G/01/AUIClients/BurjDesktopAssets-burjSprite-eaed2442e6aae5d847ed1e5f41afdad81193ba35._V2_.png]
[images-na.ssl-images-amazon.com/images/G/01/navcart/spinner-white._V4_.gif]
[images-na.ssl-images-amazon.com/images/G/01/baby/registry/jumpstart/jumpstart-bg.png]
[m.media-amazon.com/images/G/01/AUIClients/PrivateLabelDesktopAssets-yumImages-dd0afa951c938e964b12ce982cd0629b36dc3276._V2_.png]
[m.media-amazon.com/images/G/01/AUIClients/AmazonCustomAdditionalAssets-sprite-c8f2329bf875c3b97a22d60394bb194ba02a57d0._V2_.png]
[g-ec2.images-amazon.com/images/G/01/ProductCustomization/ui-images/down-arrow-shadow-v2._V339886439_.png]
[images-eu.ssl-images-amazon.com/images/I/41IK8om96mL4538.js]
[images-eu.ssl-images-amazon.com/images/I/61DteVpqZ2L6d73.js]
[images-eu.ssl-images-amazon.com/images/I/917RD+vWsALd84f.js]
[images-eu.ssl-images-amazon.com/images/I/61xlS6peMVLee78.js]
[images-eu.ssl-images-amazon.com/images/I/41THdNCw4OL._RC_31iWhmLNdPL.js_0536.js]
[images-eu.ssl-images-amazon.com/images/G/02/x-locale/communities/tags/graysnake._CB485934256_.gif]
[images-eu.ssl-images-amazon.com/images/G/02/electronics/click2call/click2call-sprite._CB485946145_.png]
[images-eu.ssl-images-amazon.com/images/G/02/electronics/click2call/sprite-click2call._CB485934115_.png]
[images-eu.ssl-images-amazon.com/images/G/02/common/sprites/sprite-site-wide._CB485929154_.png]
[images-eu.ssl-images-amazon.com/images/G/02/common/sprites/sprite-dp-2._CB485925629_.png]
[images-eu.ssl-images-amazon.com/images/G/02/x-locale/communities/wishlist/add-to-wl-button-sprite.gif]
[images-eu.ssl-images-amazon.com/images/G/02/common/sprites/sprite-site-wide-2._CB461624638_.png]
[images-eu.ssl-images-amazon.com/images/G/02/nav2/images/sprite-carousel-btns-stars2.png]
[images-eu.ssl-images-amazon.com/images/G/02/SellerForums/amz/images/help-16x16._CB485933626_.gif]
[images-eu.ssl-images-amazon.com/images/G/02/x-locale/communities/customerimage/shuttle-gradient._CB485934796_.gif]
[images-eu.ssl-images-amazon.com/images/G/02/gateway/csw/tri-down._CB485946731_.png]
[images-eu.ssl-images-amazon.com/images/G/02/nav2/finders/finder-fits-sprites._CB485937009_.gif]
[images-eu.ssl-images-amazon.com/images/G/02/common/sprites/sprite-communities._CB485971415_.png]
[images-eu.ssl-images-amazon.com/images/G/02/common/sprites/sprite-media-platform._CB485924676_.png]
[images-eu.ssl-images-amazon.com/images/G/02/x-locale/common/transparent-pixel._CB485934990_.gif]
[images-eu.ssl-images-amazon.com/images/G/02/Gateway/C19/COVID-19-SWM-revised._CB420400949_.jpg]
[images-eu.ssl-images-amazon.com/images/G/02/uk_xsite2020/DEX/ILM_22_03/Desktop_low._CB419811193_.png]
[images-eu.ssl-images-amazon.com/images/G/02/uk_xsite2020/DEX/ILM_22_03/UK_DD_ILMs_22_3_v3_Desktop._CB419811192_.png]
[www.amazon.co.uk/Dell-Inspiron-Anti-Glare-LED-backlit-2019-Laptop-Pentium/dp/B07MPW6R8J/POST.html]
[images-eu.ssl-images-amazon.com/images/G/02/ape/sf/desktop/DAsf-1.50.2b9a27d._V435236196_fe50.js]
[images-eu.ssl-images-amazon.com/images/G/02/ape/sf/rtd/safeframeRtd-1.50.2b9a27d._V435236192_.js]
[www.amazon.co.uk/Dell-Inspiron-Anti-Glare-LED-backlit-2019-Laptop-Pentium/dp/B07MPW6R8J/sp.load.critical.html]
[images-na.ssl-images-amazon.com/images/I/41JZmwaiQdL._AC_US40_.jpg]
[images-na.ssl-images-amazon.com/images/I/41MGidbZNJL._AC_US40_.jpg]
[images-na.ssl-images-amazon.com/images/I/41v86D8lBaL._AC_US40_.jpg]
[images-na.ssl-images-amazon.com/images/I/41sQAEz9BjL._AC_US40_.jpg]
[images-na.ssl-images-amazon.com/images/I/31nQkkfqjqL._AC_US40_.jpg]
[images-na.ssl-images-amazon.com/images/I/31hzQOrNVuL._AC_US40_.jpg]
[images-na.ssl-images-amazon.com/images/I/31E3cvYmQJL._AC_US40_.jpg]
[images-na.ssl-images-amazon.com/images/G/01/x-locale/common/transparent-pixel._V192234675_.gif]
[images-na.ssl-images-amazon.com/images/G/01/vap/video/airy2/prod/2.0.1460.0/js/airy.skin._CB485981857_.js]
[images-na.ssl-images-amazon.com/images/G/01/vap/video/airy2/prod/2.0.1460.0/css/beacon._CB485971591_.css]
[images-na.ssl-images-amazon.com/images/I/41oQF4RGuhL._SS36_.jpg]
[images-na.ssl-images-amazon.com/images/I/41dJcTbUnxL._SS36_.jpg]
[images-eu.ssl-images-amazon.com/images/I/41dJcTbUnxL._SL75_.jpg]
[images-eu.ssl-images-amazon.com/images/I/31QLlXfnpNL49cb.js]
[images-eu.ssl-images-amazon.com/images/I/31VR11jQ1XL23ba.js]
[images-eu.ssl-images-amazon.com/images/I/719cDp2uiFL9dd3.js]
[images-eu.ssl-images-amazon.com/images/I/31pL+UX7h1L7876.js]
[images-na.ssl-images-amazon.com/images/I/41dJcTbUnxL._AC_.jpg]
[images-na.ssl-images-amazon.com/images/I/41dJcTbUnxL._AC_US40_.jpg]
[images-na.ssl-images-amazon.com/images/I/81YA8OyZEaL._AC_SL1500_.jpg]
[images-na.ssl-images-amazon.com/images/I/41YOTcsh5CL._AC_.jpg]
[images-na.ssl-images-amazon.com/images/I/41YOTcsh5CL._AC_US40_.jpg]
[images-na.ssl-images-amazon.com/images/I/81epc87bcEL._AC_SL1500_.jpg]
[images-na.ssl-images-amazon.com/images/I/31q33oYe7KL._AC_.jpg]
[images-na.ssl-images-amazon.com/images/I/31q33oYe7KL._AC_US40_.jpg]
[images-na.ssl-images-amazon.com/images/I/71J9dzmByeL._AC_SL1500_.jpg]
[images-na.ssl-images-amazon.com/images/I/31JV8eh821L._AC_.jpg]
[images-na.ssl-images-amazon.com/images/I/31JV8eh821L._AC_US40_.jpg]
[images-na.ssl-images-amazon.com/images/I/716KlhR8SKL._AC_SL1500_.jpg]
[images-na.ssl-images-amazon.com/images/I/31tt8ONi+ZL._AC_.jpg]
[images-na.ssl-images-amazon.com/images/I/31tt8ONi+ZL._AC_US40_.jpg]
[images-na.ssl-images-amazon.com/images/I/41JtgboLzXL._AC_SL1017_.jpg]
[images-na.ssl-images-amazon.com/images/I/31Y2pG2YyuL._AC_.jpg]
[images-na.ssl-images-amazon.com/images/I/31Y2pG2YyuL._AC_US40_.jpg]
[images-na.ssl-images-amazon.com/images/I/417+W1kAE+L._AC_SL1023_.jpg]
[images-na.ssl-images-amazon.com/images/I/31D0Z39uMgL._AC_.jpg]
[images-na.ssl-images-amazon.com/images/I/31D0Z39uMgL._AC_US40_.jpg]
[images-na.ssl-images-amazon.com/images/I/51IJwrsvmlL._AC_SL1105_.jpg]
[images-na.ssl-images-amazon.com/images/I/41Y4RoxD7CL._AC_.jpg]
[images-na.ssl-images-amazon.com/images/I/41Y4RoxD7CL._AC_US40_.jpg]
[images-na.ssl-images-amazon.com/images/I/61InQzgZT6L._AC_SL1102_.jpg]
[images-na.ssl-images-amazon.com/images/I/41I0E5BKcmL._AC_.jpg]
[images-na.ssl-images-amazon.com/images/I/41I0E5BKcmL._AC_US40_.jpg]
[images-na.ssl-images-amazon.com/images/I/81b40SfyvPL._AC_SL1500_.jpg]
[images-na.ssl-images-amazon.com/images/I/31Yc+8cKT3L._AC_.jpg]
[images-na.ssl-images-amazon.com/images/I/31Yc+8cKT3L._AC_US40_.jpg]
[images-na.ssl-images-amazon.com/images/I/81IDANJA2eL._AC_SL1500_.jpg]
[images-na.ssl-images-amazon.com/images/I/31vKpkPoKyL._AC_.jpg]
[images-na.ssl-images-amazon.com/images/I/31vKpkPoKyL._AC_US40_.jpg]
[images-na.ssl-images-amazon.com/images/I/81KW7dMqROL._AC_SL1500_.jpg]
[images-na.ssl-images-amazon.com/images/I/41sHDuySSRL._AC_.jpg]
[images-na.ssl-images-amazon.com/images/I/41sHDuySSRL._AC_US40_.jpg]
[images-na.ssl-images-amazon.com/images/I/81O8Kn-gmyL._AC_SL1500_.jpg]
[images-na.ssl-images-amazon.com/images/I/41MYCsgIRqL._AC_.jpg]
[images-na.ssl-images-amazon.com/images/I/41MYCsgIRqL._AC_US40_.jpg]
[images-na.ssl-images-amazon.com/images/I/81ixnkR39uL._AC_SL1500_.jpg]
[images-na.ssl-images-amazon.com/images/I/31OzW7DvBJL._AC_.jpg]
[images-na.ssl-images-amazon.com/images/I/31OzW7DvBJL._AC_US40_.jpg]
[images-na.ssl-images-amazon.com/images/I/71wq+cq3kjL._AC_SL1500_.jpg]
[images-na.ssl-images-amazon.com/images/I/31jmSS6vLcL._AC_.jpg]
[images-na.ssl-images-amazon.com/images/I/31jmSS6vLcL._AC_US40_.jpg]
[images-na.ssl-images-amazon.com/images/I/71RunMVBduL._AC_SL1500_.jpg]
[images-na.ssl-images-amazon.com/images/I/31bP7LJfxAL._AC_.jpg]
[images-na.ssl-images-amazon.com/images/I/31bP7LJfxAL._AC_US40_.jpg]
[images-na.ssl-images-amazon.com/images/I/71FyYVfTyzL._AC_SL1500_.jpg]
[images-na.ssl-images-amazon.com/images/I/31GFXvDdWpL._AC_.jpg]
[images-na.ssl-images-amazon.com/images/I/31GFXvDdWpL._AC_US40_.jpg]
[images-na.ssl-images-amazon.com/images/I/71QmtlZd2tL._AC_SL1500_.jpg]
[images-na.ssl-images-amazon.com/images/I/312FOsAAj3L._AC_.jpg]
[images-na.ssl-images-amazon.com/images/I/312FOsAAj3L._AC_US40_.jpg]
[images-na.ssl-images-amazon.com/images/I/71+gjREGtaL._AC_SL1500_.jpg]
[images-na.ssl-images-amazon.com/images/I/41oQF4RGuhL._AC_.jpg]
[images-na.ssl-images-amazon.com/images/I/41oQF4RGuhL._AC_US40_.jpg]
[images-na.ssl-images-amazon.com/images/I/71qJQqM0sEL._AC_SL1500_.jpg]
[images-na.ssl-images-amazon.com/images/I/31b7CiCwVDL._AC_.jpg]
[images-na.ssl-images-amazon.com/images/I/31b7CiCwVDL._AC_US40_.jpg]
[images-na.ssl-images-amazon.com/images/I/71gySkzCU9L._AC_SL1500_.jpg]
[images-na.ssl-images-amazon.com/images/I/317PC9neQML._AC_.jpg]
[images-na.ssl-images-amazon.com/images/I/317PC9neQML._AC_US40_.jpg]
[images-na.ssl-images-amazon.com/images/I/71L+7rS29QL._AC_SL1500_.jpg]
[images-na.ssl-images-amazon.com/images/I/31XukNy-rGL._AC_.jpg]
[images-na.ssl-images-amazon.com/images/I/31XukNy-rGL._AC_US40_.jpg]
[images-na.ssl-images-amazon.com/images/I/71IiH1HmDxL._AC_SL1500_.jpg]
[images-na.ssl-images-amazon.com/images/I/31fa3NKeayL._AC_.jpg]
[images-na.ssl-images-amazon.com/images/I/31fa3NKeayL._AC_US40_.jpg]
[images-na.ssl-images-amazon.com/images/I/71dNH6jBUtL._AC_SL1500_.jpg]
[images-na.ssl-images-amazon.com/images/I/31cYK23KiNL._AC_.jpg]
[images-na.ssl-images-amazon.com/images/I/31cYK23KiNL._AC_US40_.jpg]
[images-na.ssl-images-amazon.com/images/I/71A4qiYx5rL._AC_SL1500_.jpg]
[images-na.ssl-images-amazon.com/images/I/31E3A0-M41L._AC_.jpg]
[images-na.ssl-images-amazon.com/images/I/31E3A0-M41L._AC_US40_.jpg]
[images-na.ssl-images-amazon.com/images/I/71u6qMUQH1L._AC_SL1500_.jpg]
[images-na.ssl-images-amazon.com/images/I/31Zw3Gnvk+L._AC_.jpg]
[images-na.ssl-images-amazon.com/images/I/31Zw3Gnvk+L._AC_US40_.jpg]
[images-na.ssl-images-amazon.com/images/I/71zWWqfo5fL._AC_SL1500_.jpg]
[images-na.ssl-images-amazon.com/images/I/41N-hUZjA5L._AC_.jpg]
[images-na.ssl-images-amazon.com/images/I/41N-hUZjA5L._AC_US40_.jpg]
[images-na.ssl-images-amazon.com/images/I/81HhPoLQEFL._AC_SL1500_.jpg]
[images-na.ssl-images-amazon.com/images/I/41JZmwaiQdL._AC_.jpg]
[images-na.ssl-images-amazon.com/images/I/81yu3bkW5iL._AC_SL1500_.jpg]
[images-na.ssl-images-amazon.com/images/I/41MGidbZNJL._AC_.jpg]
[images-na.ssl-images-amazon.com/images/I/81TbC+fRkIL._AC_SL1500_.jpg]
[images-na.ssl-images-amazon.com/images/I/41v86D8lBaL._AC_.jpg]
[images-na.ssl-images-amazon.com/images/I/714eKyozI6L._AC_SL1500_.jpg]
[images-na.ssl-images-amazon.com/images/I/41sQAEz9BjL._AC_.jpg]
[images-na.ssl-images-amazon.com/images/I/71snjLfKkcL._AC_SL1500_.jpg]
[images-na.ssl-images-amazon.com/images/I/31nQkkfqjqL._AC_.jpg]
[images-na.ssl-images-amazon.com/images/I/810pJYX+ZwL._AC_SL1500_.jpg]
[images-na.ssl-images-amazon.com/images/I/31hzQOrNVuL._AC_.jpg]
[images-na.ssl-images-amazon.com/images/I/81QBtgylXUL._AC_SL1500_.jpg]
[images-na.ssl-images-amazon.com/images/I/31E3cvYmQJL._AC_.jpg]
[images-na.ssl-images-amazon.com/images/I/71s4+VPkqVL._AC_SL1500_.jpg]
[images-na.ssl-images-amazon.com/images/I/31D30u23cyL._AC_.jpg]
[images-na.ssl-images-amazon.com/images/I/31D30u23cyL._AC_US40_.jpg]
[images-na.ssl-images-amazon.com/images/I/71w189USWvL._AC_SL1500_.jpg]
[images-na.ssl-images-amazon.com/images/I/41jYf+YubLL._AC_.jpg]
[images-na.ssl-images-amazon.com/images/I/41jYf+YubLL._AC_US40_.jpg]
[images-na.ssl-images-amazon.com/images/I/81mWuWlTVQL._AC_SL1500_.jpg]
[images-na.ssl-images-amazon.com/images/I/41-mfoGrgoL._AC_.jpg]
[images-na.ssl-images-amazon.com/images/I/41-mfoGrgoL._AC_US40_.jpg]
[images-na.ssl-images-amazon.com/images/I/81Af-EuFKLL._AC_SL1500_.jpg]
[images-na.ssl-images-amazon.com/images/I/31wV-LPWJ9L._AC_.jpg]
[images-na.ssl-images-amazon.com/images/I/31wV-LPWJ9L._AC_US40_.jpg]
[images-na.ssl-images-amazon.com/images/I/71LPQD+UDAL._AC_SL1500_.jpg]
[images-na.ssl-images-amazon.com/images/I/316r6F46rGL._AC_.jpg]
[images-na.ssl-images-amazon.com/images/I/316r6F46rGL._AC_US40_.jpg]
[images-na.ssl-images-amazon.com/images/I/31zmRYx5IGL._AC_.jpg]
[images-na.ssl-images-amazon.com/images/I/31zmRYx5IGL._AC_US40_.jpg]
[images-na.ssl-images-amazon.com/images/I/71pfpaCJkbL._AC_SL1500_.jpg]
[images-na.ssl-images-amazon.com/images/I/31ls2ffoFzL._AC_.jpg]
[images-na.ssl-images-amazon.com/images/I/31ls2ffoFzL._AC_US40_.jpg]
[images-na.ssl-images-amazon.com/images/I/51thlskpGCL._AC_SL1092_.jpg]
[images-na.ssl-images-amazon.com/images/I/317MhQtsa-L._AC_.jpg]
[images-na.ssl-images-amazon.com/images/I/317MhQtsa-L._AC_US40_.jpg]
[images-na.ssl-images-amazon.com/images/I/7167iOsIsZL._AC_SL1500_.jpg]
[images-na.ssl-images-amazon.com/images/I/31VuFx0VxYL._AC_.jpg]
[images-na.ssl-images-amazon.com/images/I/31VuFx0VxYL._AC_US40_.jpg]
[images-na.ssl-images-amazon.com/images/I/71YHPtgMH9L._AC_SL1500_.jpg]
[images-na.ssl-images-amazon.com/images/I/31Yq1nuYqaL._AC_.jpg]
[images-na.ssl-images-amazon.com/images/I/31Yq1nuYqaL._AC_US40_.jpg]
[images-na.ssl-images-amazon.com/images/I/41xzFUqf1qL._AC_SL1017_.jpg]
[images-na.ssl-images-amazon.com/images/I/31Dx+NmJ2iL._AC_.jpg]
[images-na.ssl-images-amazon.com/images/I/31Dx+NmJ2iL._AC_US40_.jpg]
[images-na.ssl-images-amazon.com/images/I/41BbLNl3V5L._AC_SL1115_.jpg]
[images-na.ssl-images-amazon.com/images/I/41VmduJ6ZpL._AC_.jpg]
[images-na.ssl-images-amazon.com/images/I/41VmduJ6ZpL._AC_US40_.jpg]
[images-na.ssl-images-amazon.com/images/I/81U3JZlyh9L._AC_SL1500_.jpg]
[images-na.ssl-images-amazon.com/images/I/41DgIN6WzBL._AC_.jpg]
[images-na.ssl-images-amazon.com/images/I/41DgIN6WzBL._AC_US40_.jpg]
[images-na.ssl-images-amazon.com/images/I/81JXmgubAyL._AC_SL1500_.jpg]
[images-na.ssl-images-amazon.com/images/I/41Ezem0n-TL._AC_.jpg]
[images-na.ssl-images-amazon.com/images/I/41Ezem0n-TL._AC_US40_.jpg]
[images-na.ssl-images-amazon.com/images/I/81Wa+RQ3EfL._AC_SL1500_.jpg]
[images-na.ssl-images-amazon.com/images/I/41UgZUdJoxL._AC_.jpg]
[images-na.ssl-images-amazon.com/images/I/41UgZUdJoxL._AC_US40_.jpg]
[images-na.ssl-images-amazon.com/images/I/81qvnNoxnNL._AC_SL1500_.jpg]
[images-na.ssl-images-amazon.com/images/I/4110-3OvLpL._AC_.jpg]
[images-na.ssl-images-amazon.com/images/I/4110-3OvLpL._AC_US40_.jpg]
[images-na.ssl-images-amazon.com/images/I/81Nn8fgg9yL._AC_SL1500_.jpg]
[images-na.ssl-images-amazon.com/images/I/41iZ9cxQHWL._AC_.jpg]
[images-na.ssl-images-amazon.com/images/I/41iZ9cxQHWL._AC_US40_.jpg]
[images-na.ssl-images-amazon.com/images/I/81fDx3XDO5L._AC_SL1500_.jpg]
[images-na.ssl-images-amazon.com/images/I/410rJjRr5GL._AC_.jpg]
[images-na.ssl-images-amazon.com/images/I/410rJjRr5GL._AC_US40_.jpg]
[images-na.ssl-images-amazon.com/images/I/71LQ2HpHpHL._AC_SL1500_.jpg]
[images-na.ssl-images-amazon.com/images/I/31S0+zIXLpL._AC_.jpg]
[images-na.ssl-images-amazon.com/images/I/31S0+zIXLpL._AC_US40_.jpg]
[images-na.ssl-images-amazon.com/images/I/71P+REWVf3L._AC_SL1500_.jpg]
[images-na.ssl-images-amazon.com/images/I/31-EWyP4IyL._AC_.jpg]
[images-na.ssl-images-amazon.com/images/I/31-EWyP4IyL._AC_US40_.jpg]
[images-na.ssl-images-amazon.com/images/I/71slmkOVlDL._AC_SL1500_.jpg]
[images-na.ssl-images-amazon.com/images/I/31j3IVy4hyL._AC_.jpg]
[images-na.ssl-images-amazon.com/images/I/31j3IVy4hyL._AC_US40_.jpg]
[images-na.ssl-images-amazon.com/images/I/71QBwAX3+0L._AC_SL1500_.jpg]
[images-na.ssl-images-amazon.com/images/I/31PWv0i6z5L._AC_.jpg]
[images-na.ssl-images-amazon.com/images/I/31PWv0i6z5L._AC_US40_.jpg]
[images-na.ssl-images-amazon.com/images/I/71yuo3LlRuL._AC_SL1500_.jpg]
[images-na.ssl-images-amazon.com/images/I/21Ny0gQafDL._AC_.jpg]
[images-na.ssl-images-amazon.com/images/I/21Ny0gQafDL._AC_US40_.jpg]
[images-na.ssl-images-amazon.com/images/I/712v-2QY1bL._AC_SL1500_.jpg]
[images-na.ssl-images-amazon.com/images/I/21kCIkjaB8L._AC_.jpg]
[images-na.ssl-images-amazon.com/images/I/21kCIkjaB8L._AC_US40_.jpg]
[images-na.ssl-images-amazon.com/images/I/71kMs7gCwTL._AC_SL1500_.jpg]
[images-na.ssl-images-amazon.com/images/I/31yHkAW1+QL._AC_.jpg]
[images-na.ssl-images-amazon.com/images/I/31yHkAW1+QL._AC_US40_.jpg]
[images-na.ssl-images-amazon.com/images/I/81Cbc6Q1ogL._AC_SL1500_.jpg]
[images-na.ssl-images-amazon.com/images/I/41hHulFvYbL._AC_.jpg]
[images-na.ssl-images-amazon.com/images/I/41hHulFvYbL._AC_US40_.jpg]
[images-na.ssl-images-amazon.com/images/I/81MSCJNc4IL._AC_SL1500_.jpg]
[images-na.ssl-images-amazon.com/images/I/31Ou8jq-WlL._AC_.jpg]
[images-na.ssl-images-amazon.com/images/I/31Ou8jq-WlL._AC_US40_.jpg]
[images-na.ssl-images-amazon.com/images/I/715sv8XbwLL._AC_SL1500_.jpg]
[images-na.ssl-images-amazon.com/images/I/418mCnHCZUL._AC_.jpg]
[images-na.ssl-images-amazon.com/images/I/418mCnHCZUL._AC_US40_.jpg]
[images-na.ssl-images-amazon.com/images/I/7110D2DFeCL._AC_SL1500_.jpg]
[images-na.ssl-images-amazon.com/images/I/41K0gZHLCYL._AC_.jpg]
[images-na.ssl-images-amazon.com/images/I/41K0gZHLCYL._AC_US40_.jpg]
[images-na.ssl-images-amazon.com/images/I/71KQ32o+bOL._AC_SL1500_.jpg]
[images-na.ssl-images-amazon.com/images/I/41+YQECPPVL._AC_.jpg]
[images-na.ssl-images-amazon.com/images/I/41+YQECPPVL._AC_US40_.jpg]
[images-na.ssl-images-amazon.com/images/I/81cAlC1Q8dL._AC_SL1500_.jpg]
[images-na.ssl-images-amazon.com/images/I/31DXNR0PFnL._AC_.jpg]
[images-na.ssl-images-amazon.com/images/I/31DXNR0PFnL._AC_US40_.jpg]
[images-na.ssl-images-amazon.com/images/I/71SchPGvCwL._AC_SL1500_.jpg]
[images-na.ssl-images-amazon.com/images/I/31Oh6cqA5lL._AC_.jpg]
[images-na.ssl-images-amazon.com/images/I/31Oh6cqA5lL._AC_US40_.jpg]
[images-na.ssl-images-amazon.com/images/I/61o-28PiGPL._AC_SL1280_.jpg]
[images-na.ssl-images-amazon.com/images/I/31G5fwIbF2L._AC_.jpg]
[images-na.ssl-images-amazon.com/images/I/31G5fwIbF2L._AC_US40_.jpg]
[images-na.ssl-images-amazon.com/images/I/61YRsnRVmfL._AC_SL1280_.jpg]
[images-na.ssl-images-amazon.com/images/I/41cTlBoi2hL._AC_.jpg]
[images-na.ssl-images-amazon.com/images/I/41cTlBoi2hL._AC_US40_.jpg]
[images-na.ssl-images-amazon.com/images/I/61W9Fq7Y5ML._AC_SL1280_.jpg]
[images-na.ssl-images-amazon.com/images/I/21k0nKjhqQL._AC_.jpg]
[images-na.ssl-images-amazon.com/images/I/21k0nKjhqQL._AC_US40_.jpg]
[images-na.ssl-images-amazon.com/images/I/510JMMHpr4L._AC_SL1280_.jpg]
[images-na.ssl-images-amazon.com/images/I/31QllM9ZY9L._AC_.jpg]
[images-na.ssl-images-amazon.com/images/I/31QllM9ZY9L._AC_US40_.jpg]
[images-na.ssl-images-amazon.com/images/I/51fW-fgDnCL._AC_SL1280_.jpg]
[images-na.ssl-images-amazon.com/images/G/02/apparel/rcxgs/tile._CB483369956_.gif]
[images-na.ssl-images-amazon.com/images/G/02/javascripts/lib/popover/images/light/sprite-vertical-popover-arrow._CB485933104_.png]
[images-na.ssl-images-amazon.com/images/G/02/Quarterdeck/en_US/images/video._CB485933172_SS40_.jpg]
[images-na.ssl-images-amazon.com/images/G/02/ui/loadIndicators/loading-large._CB485945341_.gif]
[images-na.ssl-images-amazon.com/images/G/02/HomeCustomProduct/360_icon_73x73v2._CB485971309_SS40_.jpg]
[m.media-amazon.com/images/I/41bkOLBbNzL._AC_SR160,160_.jpg]
[m.media-amazon.com/images/I/41P16NR2KRL._AC_SR160,160_.jpg]
[m.media-amazon.com/images/I/41oyKxwk+GL._AC_SR160,160_.jpg]
[m.media-amazon.com/images/I/41cmsGvKptL._AC_SR160,160_.jpg]
[m.media-amazon.com/images/I/51V9Nlc8TfL._AC_SR160,160_.jpg]
[m.media-amazon.com/images/I/41IPDxdhQYL._AC_SR160,160_.jpg]
[m.media-amazon.com/images/I/514qn+bn-GL._AC_SR160,160_.jpg]
[m.media-amazon.com/images/I/51g8uQnEP+L._AC_SR160,160_.jpg]
[m.media-amazon.com/images/I/41XpOh+YpmL._AC_SR160,160_.jpg]
[m.media-amazon.com/images/I/51sjOxemmXL._AC_SR160,160_.jpg]
[images-na.ssl-images-amazon.com/images/G/01/x-locale/common/grey-pixel.gif]
[m.media-amazon.com/images/S/aplus-media/vc/4eca8851-2b56-4737-b32b-092676d1cd98._CR0,0,970,300_PT0_SX970__.jpg]
[m.media-amazon.com/images/S/aplus-media/vc/e7be9f53-b995-4a95-b2b6-9a815ac058e7._CR0,0,300,300_PT0_SX300__.jpg]
[m.media-amazon.com/images/S/aplus-media/vc/65b438ab-4f0e-4a49-a176-327e0f78b489._CR0,0,300,300_PT0_SX300__.jpg]
[m.media-amazon.com/images/S/aplus-media/vc/1d3742b9-5b0f-488c-84d9-c0e07c4d2944._CR0,0,300,300_PT0_SX300__.jpg]
[m.media-amazon.com/images/S/aplus-media/vc/b1895524-1ff0-47a7-b7e2-26987c315dd9._CR0,0,300,300_PT0_SX300__.jpg]
[m.media-amazon.com/images/S/aplus-media/vc/df830cfb-7951-4d58-b7a3-cc3c03154790._CR0,0,300,300_PT0_SX300__.jpg]
[m.media-amazon.com/images/S/aplus-media/vc/a4ec0216-4c4c-41af-a800-ae79ceef2e51._CR0,0,300,300_PT0_SX300__.jpg]
[m.media-amazon.com/images/S/aplus-media/vc/48d34470-68e7-49f3-b69c-0dd31800cd37._CR0,0,150,300_PT0_SX150__.jpg]
[m.media-amazon.com/images/S/aplus-media/vc/3f4cf650-88fe-46ca-9743-c3e9c9f5b875._CR0,0,150,300_PT0_SX150__.jpg]
[m.media-amazon.com/images/S/aplus-media/vc/6d74d80a-b25e-49f3-8907-2ce4fb9597ae._CR0,0,150,300_PT0_SX150__.jpg]
[m.media-amazon.com/images/S/aplus-media/vc/bd708161-3503-47e5-8752-6be80947320b._CR0,0,150,300_PT0_SX150__.jpg]
[m.media-amazon.com/images/S/aplus-media/vc/5e33d3ce-e05a-45ea-8210-3da6419617b3._CR0,0,150,300_PT0_SX150__.jpg]
[m.media-amazon.com/images/S/aplus-media/vc/49ca0a27-cdc6-44b5-a247-ba9355a07dc8._CR0,0,150,300_PT0_SX150__.jpg]
[images-eu.ssl-images-amazon.com/images/I/311+NUiljjL._RC_51vjeJQchWL.js_42d2.js]
[images-eu.ssl-images-amazon.com/images/G/02/ui/loadIndicators/loadIndicator-large._CB485943885_.gif]
[images-eu.ssl-images-amazon.com/images/I/11omjJhwsqL57fe.js]
[images-eu.ssl-images-amazon.com/images/I/01LAv8I1AxL._RC_015DCfR+jFL.css,01LKsGfpclL.css,01PTkp9JOCL.css,01cdXa5nSoL.css_dd35.css]
[images-na.ssl-images-amazon.com/images/I/810wL99YCUL._CR204,0,1224,1224_UX175.jpg]
[images-na.ssl-images-amazon.com/images/I/31-eKKwo+6L._CR15,0,349,349_UX175.jpg]
[images-na.ssl-images-amazon.com/images/I/31u6tj3KcQL._CR0,35,377,377_UX175.jpg]
[images-na.ssl-images-amazon.com/images/I/51e0rXPf4jL._CR215,0,646,646_UX175.jpg]
[images-eu.ssl-images-amazon.com/images/S/amazon-avatars-global/46b5cd8f-b0ac-4c3f-b1b5-efcc9a8c09a0._CR0,7.0,626,626_SX48_.jpg]
[images-na.ssl-images-amazon.com/images/I/810wL99YCUL._SY88.jpg]
[images-eu.ssl-images-amazon.com/images/S/amazon-avatars-global/default._CR0,0,1024,1024_SX48_.jpg]
[images-na.ssl-images-amazon.com/images/I/31-eKKwo+6L._SY88.jpg]
[images-na.ssl-images-amazon.com/images/I/31u6tj3KcQL._SY88.jpg]
[images-na.ssl-images-amazon.com/images/I/51e0rXPf4jL._SY88.jpg]
[images-eu.ssl-images-amazon.com/images/S/amazon-avatars-global/3e5b2bd4-3d94-46a7-acec-71ace99b3a6c._CR41,0,418,418_SX48_.jpg]
[images-eu.ssl-images-amazon.com/images/I/81ibYJ01w4L._SY88.jpg]
[images-eu.ssl-images-amazon.com/images/S/amazon-avatars-global/a95d23ba-3be1-4da0-86bf-e13d7eddbc20._CR0,30.0,273,273_SX48_.jpg]
[images-eu.ssl-images-amazon.com/images/I/71Ektm1V1TL._SY88.jpg]
[images-eu.ssl-images-amazon.com/images/I/31jrTgUO2GLee78.css]
[images-eu.ssl-images-amazon.com/images/I/01mqQVb87-L0536.css]
[images-eu.ssl-images-amazon.com/images/I/41THdNCw4OLf1ba.js]
[images-eu.ssl-images-amazon.com/images/G/02/x-locale/common/buy-buttons/review-1-click-order._CB485945735_.gif]
[images-eu.ssl-images-amazon.com/images/G/02/x-locale/common/buttons/continue-shopping._CB485936077_.gif]
[images-eu.ssl-images-amazon.com/images/G/02/x-locale/common/buy-buttons/thank-you-elbow._CB485935931_.gif]
[images-eu.ssl-images-amazon.com/images/G/02/x-locale/communities/social/snwicons_v2._CB478838660_.png]
[images-eu.ssl-images-amazon.com/images/G/02/checkout/assets/carrot._CB485936866_.gif]
[images-eu.ssl-images-amazon.com/images/G/02/checkout/thank-you-page/assets/yellow-rounded-corner-sprite._CB485934175_.gif]
[images-eu.ssl-images-amazon.com/images/G/02/checkout/thank-you-page/assets/white-rounded-corner-sprite._CB485935372_.gif]
[images-eu.ssl-images-amazon.com/images/G/02/Recommendations/MissionExperience/BIA/bia-atc-confirm-icon._CB485946440_.png]
[images-eu.ssl-images-amazon.com/images/G/02/authportal/common/images/amazon_logo_no-org_mid._CB485934514_.png]
[images-eu.ssl-images-amazon.com/images/G/02/authportal/flex/reduced-nav/ap-flex-reduced-nav-2.0._CB485968672_.js]
[images-eu.ssl-images-amazon.com/images/G/02/authportal/flex/reduced-nav/ap-flex-reduced-nav-2.1._CB485967762_.css]
[images-eu.ssl-images-amazon.com/images/G/02/x-locale/common/buttons/sign-in-secure._CB485941596_.gif]
[images-eu.ssl-images-amazon.com/images/G/02/x-locale/common/login/fwcim._CB481732319_.js]
[images-eu.ssl-images-amazon.com/images/G/02/x-locale/redirect-overlay/redirect-overlay-nav-https-20200206._CB422684285_.css]
[images-eu.ssl-images-amazon.com/images/I/11VbV++KhQL7f43.js]
[images-eu.ssl-images-amazon.com/images/G/02/personalization/ybh/loading-4x-gray._CB485916908_.gif]
[images-eu.ssl-images-amazon.com/images/I/31BVuidgT8L.js]
[m.media-amazon.com/images/G/01/csm/showads.v2.js]
[www.amazon.co.uk/Dell-Inspiron-Anti-Glare-LED-backlit-2019-Laptop-Pentium/dp/B07MPW6R8J/ref=sr_1_2df03.html]
[c.amazon-adsystem.com/bao-csm/forensics/a9-tq-forensics.min.js]
[www.amazon.co.uk/Dell-Inspiron-Anti-Glare-LED-backlit-2019-Laptop-Pentium/dp/B07MPW6R8J/GET.html]
[www.amazon.co.uk/Dell-Inspiron-Anti-Glare-LED-backlit-2019-Laptop-Pentium/dp/B07MPW6R8J/@c/@c/index.html]
[www.amazon.co.uk/Dell-Inspiron-Anti-Glare-LED-backlit-2019-Laptop-Pentium/dp/B07MPW6R8J/@c/@p/index.html]
[www.amazon.co.uk/Dell-Inspiron-Anti-Glare-LED-backlit-2019-Laptop-Pentium/dp/B07MPW6R8J/@c/sp.load.html]
[www.amazon.co.uk/Dell-Inspiron-Anti-Glare-LED-backlit-2019-Laptop-Pentium/dp/B07MPW6R8J/@c/sp.load.critical.html]
[www.amazon.co.uk/Dell-Inspiron-Anti-Glare-LED-backlit-2019-Laptop-Pentium/dp/B07MPW6R8J/@c/index.html]
[www.amazon.co.uk/Dell-Inspiron-Anti-Glare-LED-backlit-2019-Laptop-Pentium/dp/B07MPW6R8J/@c/POST.html]
[www.amazon.co.uk/Dell-Inspiron-Anti-Glare-LED-backlit-2019-Laptop-Pentium/dp/B07MPW6R8J/@c/GET.html]
[www.amazon.co.uk/Dell-Inspiron-Anti-Glare-LED-backlit-2019-Laptop-Pentium/dp/B07MPW6R8J/@p/sp.load.html]
[www.amazon.co.uk/Dell-Inspiron-Anti-Glare-LED-backlit-2019-Laptop-Pentium/dp/B07MPW6R8J/@p/@c/index.html]
[www.amazon.co.uk/Dell-Inspiron-Anti-Glare-LED-backlit-2019-Laptop-Pentium/dp/B07MPW6R8J/@p/@p/index.html]
[images-eu.ssl-images-amazon.com/images/I/11QVEVR-F9L0e08.js]
[www.amazon.co.uk/Dell-Inspiron-Anti-Glare-LED-backlit-2019-Laptop-Pentium/dp/B07MPW6R8J/@p/POST.html]
[www.amazon.co.uk/Dell-Inspiron-Anti-Glare-LED-backlit-2019-Laptop-Pentium/dp/B07MPW6R8J/@p/index.html]
[www.amazon.co.uk/Dell-Inspiron-Anti-Glare-LED-backlit-2019-Laptop-Pentium/dp/B07MPW6R8J/sp.load.html]
[images-eu.ssl-images-amazon.com/images/I/61-6nKPKyWLdce7.js]
[images-eu.ssl-images-amazon.com/images/I/51U6oQUnN6L4221.js]
[www.amazon.co.uk/Dell-Inspiron-Anti-Glare-LED-backlit-2019-Laptop-Pentium/dp/B07MPW6R8J/@p/sp.load.critical.html]
[m.media-amazon.com/images/G/01/AUIClients/P13NSharedSitewideCSS-loading_4x_gray-fa91375275e3e1c8fcd8f79bcae5d85593a33c67._V2_.gif]
[m.media-amazon.com/images/G/01/AUIClients/RecentHistoryFooterCSS-beacon_sprite-553793e4d98e5a3c349047b9d9097eecf5d799d9._V2_.png]
[www.amazon.co.uk/Dell-Inspiron-Anti-Glare-LED-backlit-2019-Laptop-Pentium/dp/B07MPW6R8J/@p/GET.html]
[m.media-amazon.com/images/G/01/AUIClients/InternationalCustomerPreferencesNavAssets-icp_sprite-0b528ccc99b2eed18447291de6df851bc2c6fe68._V2_.png]
[m.media-amazon.com/images/G/01/AUIClients/GLUXAssets-pin-085ac89684faf6d0e965366a342f1eb909bb421a._V2_.png]
[images-na.ssl-images-amazon.com/images/G/01/associates/publisher-studio/sitestripe-sprite-new.png]
[images-eu.ssl-images-amazon.com/images/I/21Z7e-BNrlL._RC_71HxPEdMx9L.css,21TJB5pc5TL.css,31DAr4NkZQL.css,21lRUdwotiL.css,41tc24mJIGL.css,11G4HxMtMSL.css,31OvHRW+XiL.css,01XHMOHpK1L.css_d5af.css]
[m.media-amazon.com/images/G/01/pantry/pantry-box-sprite-percent-large.html]
[images-eu.ssl-images-amazon.com/images/I/41IK8om96mL4538.js]
[images-eu.ssl-images-amazon.com/images/I/61DteVpqZ2L6d73.js]
[www.amazon.co.uk/Dell-Inspiron-Anti-Glare-LED-backlit-2019-Laptop-Pentium/dp/B07MPW6R8J/Silk/index.html]
[www.amazon.co.uk/Dell-Inspiron-Anti-Glare-LED-backlit-2019-Laptop-Pentium/dp/B07MPW6R8J/SET_ADD_TO_CART_URL.html]
[images-eu.ssl-images-amazon.com/images/I/917RD+vWsALd84f.js]
[images-eu.ssl-images-amazon.com/images/I/61xlS6peMVLee78.js]
[images-eu.ssl-images-amazon.com/images/I/41THdNCw4OL._RC_31iWhmLNdPL.js_0536.js]
[images-eu.ssl-images-amazon.com/images/G/02/x-locale/communities/wishlist/add-to-wl-button-sprite.gif]
[images-eu.ssl-images-amazon.com/images/G/02/nav2/images/sprite-carousel-btns-stars2.png]
[www.amazon.co.uk/Dell-Inspiron-Anti-Glare-LED-backlit-2019-Laptop-Pentium/dp/B07MPW6R8J/sp.load.critical.html]
[www.amazon.co.uk/Dell-Inspiron-Anti-Glare-LED-backlit-2019-Laptop-Pentium/dp/B07MPW6R8J/POST.html]
[www.amazon.co.uk/Dell-Inspiron-Anti-Glare-LED-backlit-2019-Laptop-Pentium/dp/B07MPW6R8J/SET_IMAGE_UPLOAD_POLICY_URL.html]
[images-na.ssl-images-amazon.com/images/G/01/vap/video/airy2/prod/2.0.1460.0/images/transparent-pixel._TTW_.png]
[www.amazon.co.uk/Dell-Inspiron-Anti-Glare-LED-backlit-2019-Laptop-Pentium/dp/B07MPW6R8J/SET_ADD_TO_LIST_URL.html]
[images-na.ssl-images-amazon.com/images/G/01/vap/video/airy2/prod/2.0.1460.0/images/beacon._TTW_.png]
[images-na.ssl-images-amazon.com/images/G/01/vap/video/airy2/prod/2.0.1460.0/css/beacon._CB485971591_.css]
[images-eu.ssl-images-amazon.com/images/I/31QLlXfnpNL49cb.js]
[images-eu.ssl-images-amazon.com/images/I/31VR11jQ1XL23ba.js]
[images-eu.ssl-images-amazon.com/images/I/719cDp2uiFL9dd3.js]
[images-eu.ssl-images-amazon.com/images/I/31pL+UX7h1L7876.js]
[images-eu.ssl-images-amazon.com/images/I/311+NUiljjL._RC_51vjeJQchWL.js_42d2.js]
[images-eu.ssl-images-amazon.com/images/I/11omjJhwsqL57fe.js]
[www.amazon.co.uk/Dell-Inspiron-Anti-Glare-LED-backlit-2019-Laptop-Pentium/dp/B07MPW6R8J/SET_WISHLIST_URL.html]
[images-na.ssl-images-amazon.com/images/G/01/amazonui/loading/spinner_4x._V1_.gif]
[images-eu.ssl-images-amazon.com/images/I/01LAv8I1AxL._RC_015DCfR+jFL.css,01LKsGfpclL.css,01PTkp9JOCL.css,01cdXa5nSoL.css_dd35.css]
[images-eu.ssl-images-amazon.com/images/I/31jrTgUO2GLee78.css]
[images-eu.ssl-images-amazon.com/images/I/01mqQVb87-L0536.css]
[images-eu.ssl-images-amazon.com/images/I/41THdNCw4OLf1ba.js]
[images-na.ssl-images-amazon.com/images/G/01/javascripts/lib/popover/images/btn_close.gif]
[images-eu.ssl-images-amazon.com/images/G/02/authportal/flex/reduced-nav/ap-flex-reduced-nav-2.0._CB485968672_.js]
[images-na.ssl-images-amazon.com/images/G/01/x-locale/common/errors-alerts/error-sprite.gif]
[images-na.ssl-images-amazon.com/images/G/01/x-locale/common/errors-alerts/error-sprite-mini.gif]
[images-na.ssl-images-amazon.com/images/G/03/x-locale/common/errors-alerts/error-sprite-mini.gif]
[images-na.ssl-images-amazon.com/images/G/30/x-locale/common/errors-alerts/error-sprite-mini.gif]
[images-na.ssl-images-amazon.com/images/G/08/x-locale/common/errors-alerts/error-sprite-mini.gif]
[images-na.ssl-images-amazon.com/images/G/02/x-locale/common/errors-alerts/error-sprite-mini.gif]
[images-na.ssl-images-amazon.com/images/G/31/x-locale/common/errors-alerts/error-sprite-mini.gif]
[images-na.ssl-images-amazon.com/images/G/29/x-locale/common/errors-alerts/error-sprite-mini.gif]
[images-na.ssl-images-amazon.com/images/G/09/x-locale/common/errors-alerts/error-sprite-mini.gif]
[images-na.ssl-images-amazon.com/images/G/01/ui/loadIndicators/loadIndicator-label.gif]
[images-na.ssl-images-amazon.com/images/G/03/ui/loadIndicators/loadIndicator-label.gif]
[images-na.ssl-images-amazon.com/images/G/30/ui/loadIndicators/loadIndicator-label.gif]
[images-na.ssl-images-amazon.com/images/G/08/ui/loadIndicators/loadIndicator-label.gif]
[images-na.ssl-images-amazon.com/images/G/02/ui/loadIndicators/loadIndicator-label.gif]
[images-na.ssl-images-amazon.com/images/G/31/ui/loadIndicators/loadIndicator-label.gif]
[images-na.ssl-images-amazon.com/images/G/29/ui/loadIndicators/loadIndicator-label.gif]
[images-na.ssl-images-amazon.com/images/G/09/ui/loadIndicators/loadIndicator-label.gif]
[images-na.ssl-images-amazon.com/images/G/01/javascripts/lib/popover/images/po_left.png]
[images-na.ssl-images-amazon.com/images/G/01/javascripts/lib/popover/images/po_right.png]
[images-na.ssl-images-amazon.com/images/G/01/javascripts/lib/popover/images/po_top_left.png]
[images-na.ssl-images-amazon.com/images/G/01/javascripts/lib/popover/images/po_top_right.png]
[images-na.ssl-images-amazon.com/images/G/01/javascripts/lib/popover/images/po_top.png]
[images-na.ssl-images-amazon.com/images/G/01/javascripts/lib/popover/images/po_bottom_left.png]
[images-na.ssl-images-amazon.com/images/G/01/javascripts/lib/popover/images/po_bottom_right.png]
[images-na.ssl-images-amazon.com/images/G/01/javascripts/lib/popover/images/po_bottom.png]
[images-na.ssl-images-amazon.com/images/G/01/webservices/orange_bullet.png]
[images-na.ssl-images-amazon.com/images/G/01/gno/images/orangeBlue/navPackedSprites-US-22._V183711640_.png]
[images-na.ssl-images-amazon.com/images/G/08/gno/images/orangeBlue/navPackedSprites-FR-15._V202471902_.png]
[images-na.ssl-images-amazon.com/images/G/15/gno/images/orangeBlue/navPackedSprites-CA-15._V202471501_.png]
[images-na.ssl-images-amazon.com/images/G/02/gno/images/orangeBlue/navPackedSprites-UK-15._V202471918_.png]
[images-na.ssl-images-amazon.com/images/G/03/gno/images/orangeBlue/navPackedSprites-DE-15._V202471931_.png]
[images-na.ssl-images-amazon.com/images/G/29/gno/images/orangeBlue/navPackedSprites-IT-02._V201174301_.png]
[images-na.ssl-images-amazon.com/images/G/30/gno/images/orangeBlue/navPackedSprites-ES-03._V156600418_.png]
[images-na.ssl-images-amazon.com/images/G/09/gno/images/orangeBlue/navPackedSprites-JP-15._V202471850_.png]
[images-na.ssl-images-amazon.com/images/G/01/authportal/common/images/amznbtn-sprite03._V395592492_.png]
[images-eu.ssl-images-amazon.com/images/G/02/authportal/flex/reduced-nav/ap-flex-reduced-nav-2.1._CB485967762_.css]
[images-eu.ssl-images-amazon.com/images/G/02/x-locale/common/login/fwcim._CB481732319_.js]
[images-na.ssl-images-amazon.com/images/G/01/x-locale/redirect-overlay/1x1-000-50._CB336787293_.png]
[images-na.ssl-images-amazon.com/images/G/01/x-locale/redirect-overlay/pop/beacon_header._CB336787200_.png]
[images-na.ssl-images-amazon.com/images/G/01/x-locale/redirect-overlay/pop/beacon_footer._CB336787200_.png]
[images-na.ssl-images-amazon.com/images/G/01/x-locale/redirect-overlay/aui_sprite_0012_1x._CB336787293_.png]
[images-na.ssl-images-amazon.com/images/G/01/x-locale/redirect-overlay/button/a-pri-40-sprite._CB336786579_.png]
[images-na.ssl-images-amazon.com/images/G/01/x-locale/redirect-overlay/button/a-pri-left._CB336786578_.png]
[images-na.ssl-images-amazon.com/images/G/01/x-locale/redirect-overlay/button/a-pri-center._CB336786579_.png]
[images-na.ssl-images-amazon.com/images/G/01/x-locale/redirect-overlay/button/a-pri-right._CB336786578_.png]
[images-na.ssl-images-amazon.com/images/G/01/x-locale/redirect-overlay/button/a-pri-hover-left._CB336786579_.png]
[images-na.ssl-images-amazon.com/images/G/01/x-locale/redirect-overlay/button/a-pri-hover-center._CB336786578_.png]
[images-na.ssl-images-amazon.com/images/G/01/x-locale/redirect-overlay/button/a-pri-hover-right._CB336786579_.png]
[images-na.ssl-images-amazon.com/images/G/01/x-locale/redirect-overlay/button/a-pri-active-left._CB336786579_.png]
[images-na.ssl-images-amazon.com/images/G/01/x-locale/redirect-overlay/button/a-pri-active-center._CB336786578_.png]
[images-na.ssl-images-amazon.com/images/G/01/x-locale/redirect-overlay/button/a-pri-active-right._CB336786579_.png]
[images-na.ssl-images-amazon.com/images/G/01/x-locale/redirect-overlay/button/a-sec-left._CB336786579_.png]
[images-na.ssl-images-amazon.com/images/G/01/x-locale/redirect-overlay/button/a-sec-center._CB336786578_.png]
[images-na.ssl-images-amazon.com/images/G/01/x-locale/redirect-overlay/button/a-sec-right._CB336786579_.png]
[images-na.ssl-images-amazon.com/images/G/01/x-locale/redirect-overlay/button/a-sec-hover-left._CB336786579_.png]
[images-na.ssl-images-amazon.com/images/G/01/x-locale/redirect-overlay/button/a-sec-hover-center._CB336786578_.png]
[images-na.ssl-images-amazon.com/images/G/01/x-locale/redirect-overlay/button/a-sec-hover-right._CB336786579_.png]
[images-na.ssl-images-amazon.com/images/G/01/x-locale/redirect-overlay/button/a-sec-active-left._CB336786578_.png]
[images-na.ssl-images-amazon.com/images/G/01/x-locale/redirect-overlay/button/a-sec-active-center._CB336786579_.png]
[images-na.ssl-images-amazon.com/images/G/01/x-locale/redirect-overlay/button/a-sec-active-right._CB336786578_.png]
[images-eu.ssl-images-amazon.com/images/G/02/x-locale/redirect-overlay/redirect-overlay-nav-https-20200206._CB422684285_.css]
[images-eu.ssl-images-amazon.com/images/I/11VbV++KhQL7f43.js]
[images-eu.ssl-images-amazon.com/images/I/31BVuidgT8L.js]
[m.media-amazon.com/images/G/01/csm/showads.v2.js]
[m.media-amazon.com/images/I/61-6nKPKyWLdce7.js]
[m.media-amazon.com/images/I/51U6oQUnN6L4221.js]
[www.amazon.co.uk/Dell-Inspiron-Anti-Glare-LED-backlit-2019-Laptop-Pentium/dp/B07MPW6R8J/GET.html]
[www.amazon.co.uk/Dell-Inspiron-Anti-Glare-LED-backlit-2019-Laptop-Pentium/dp/B07MPW6R8J/@c/@c/@p/index.html]
[www.amazon.co.uk/Dell-Inspiron-Anti-Glare-LED-backlit-2019-Laptop-Pentium/dp/B07MPW6R8J/@c/@c/@c/index.html]
[www.amazon.co.uk/Dell-Inspiron-Anti-Glare-LED-backlit-2019-Laptop-Pentium/dp/B07MPW6R8J/@c/@c/sp.load.html]
[www.amazon.co.uk/Dell-Inspiron-Anti-Glare-LED-backlit-2019-Laptop-Pentium/dp/B07MPW6R8J/@c/@c/sp.load.critical.html]
[www.amazon.co.uk/Dell-Inspiron-Anti-Glare-LED-backlit-2019-Laptop-Pentium/dp/B07MPW6R8J/@c/@c/POST.html]
[www.amazon.co.uk/Dell-Inspiron-Anti-Glare-LED-backlit-2019-Laptop-Pentium/dp/B07MPW6R8J/@c/@c/index.html]
[www.amazon.co.uk/Dell-Inspiron-Anti-Glare-LED-backlit-2019-Laptop-Pentium/dp/B07MPW6R8J/@c/@c/GET.html]
[www.amazon.co.uk/Dell-Inspiron-Anti-Glare-LED-backlit-2019-Laptop-Pentium/dp/B07MPW6R8J/@c/@p/sp.load.html]
[www.amazon.co.uk/Dell-Inspiron-Anti-Glare-LED-backlit-2019-Laptop-Pentium/dp/B07MPW6R8J/@c/@p/@c/index.html]
[www.amazon.co.uk/Dell-Inspiron-Anti-Glare-LED-backlit-2019-Laptop-Pentium/dp/B07MPW6R8J/@c/@p/@p/index.html]
[www.amazon.co.uk/Dell-Inspiron-Anti-Glare-LED-backlit-2019-Laptop-Pentium/dp/B07MPW6R8J/@c/@p/sp.load.critical.html]
[www.amazon.co.uk/Dell-Inspiron-Anti-Glare-LED-backlit-2019-Laptop-Pentium/dp/B07MPW6R8J/@c/@p/index.html]
[www.amazon.co.uk/Dell-Inspiron-Anti-Glare-LED-backlit-2019-Laptop-Pentium/dp/B07MPW6R8J/@c/@p/POST.html]
[www.amazon.co.uk/Dell-Inspiron-Anti-Glare-LED-backlit-2019-Laptop-Pentium/dp/B07MPW6R8J/@c/sp.load.html]
[www.amazon.co.uk/Dell-Inspiron-Anti-Glare-LED-backlit-2019-Laptop-Pentium/dp/B07MPW6R8J/@c/sp.load.critical.html]
[www.amazon.co.uk/Dell-Inspiron-Anti-Glare-LED-backlit-2019-Laptop-Pentium/dp/B07MPW6R8J/@c/POST.html]
[www.amazon.co.uk/Dell-Inspiron-Anti-Glare-LED-backlit-2019-Laptop-Pentium/dp/B07MPW6R8J/@c/GET.html]
[www.amazon.co.uk/Dell-Inspiron-Anti-Glare-LED-backlit-2019-Laptop-Pentium/dp/B07MPW6R8J/@c/@p/GET.html]
[www.amazon.co.uk/Dell-Inspiron-Anti-Glare-LED-backlit-2019-Laptop-Pentium/dp/B07MPW6R8J/@p/@c/@c/index.html]
[www.amazon.co.uk/Dell-Inspiron-Anti-Glare-LED-backlit-2019-Laptop-Pentium/dp/B07MPW6R8J/@p/@c/sp.load.html]
[www.amazon.co.uk/Dell-Inspiron-Anti-Glare-LED-backlit-2019-Laptop-Pentium/dp/B07MPW6R8J/@p/@c/@p/index.html]
[www.amazon.co.uk/Dell-Inspiron-Anti-Glare-LED-backlit-2019-Laptop-Pentium/dp/B07MPW6R8J/@p/@c/sp.load.critical.html]
[www.amazon.co.uk/Dell-Inspiron-Anti-Glare-LED-backlit-2019-Laptop-Pentium/dp/B07MPW6R8J/@p/@c/POST.html]
[www.amazon.co.uk/Dell-Inspiron-Anti-Glare-LED-backlit-2019-Laptop-Pentium/dp/B07MPW6R8J/@p/@c/index.html]
[www.amazon.co.uk/Dell-Inspiron-Anti-Glare-LED-backlit-2019-Laptop-Pentium/dp/B07MPW6R8J/@p/@c/GET.html]
[www.amazon.co.uk/Dell-Inspiron-Anti-Glare-LED-backlit-2019-Laptop-Pentium/dp/B07MPW6R8J/@p/@p/@c/index.html]
[www.amazon.co.uk/Dell-Inspiron-Anti-Glare-LED-backlit-2019-Laptop-Pentium/dp/B07MPW6R8J/@p/@p/sp.load.html]
[www.amazon.co.uk/Dell-Inspiron-Anti-Glare-LED-backlit-2019-Laptop-Pentium/dp/B07MPW6R8J/@p/@p/@p/index.html]
[www.amazon.co.uk/Dell-Inspiron-Anti-Glare-LED-backlit-2019-Laptop-Pentium/dp/B07MPW6R8J/@p/@p/sp.load.critical.html]
[www.amazon.co.uk/Dell-Inspiron-Anti-Glare-LED-backlit-2019-Laptop-Pentium/dp/B07MPW6R8J/@p/@p/POST.html]
[www.amazon.co.uk/Dell-Inspiron-Anti-Glare-LED-backlit-2019-Laptop-Pentium/dp/B07MPW6R8J/@p/@p/index.html]
[www.amazon.co.uk/Dell-Inspiron-Anti-Glare-LED-backlit-2019-Laptop-Pentium/dp/B07MPW6R8J/@p/sp.load.html]
[www.amazon.co.uk/Dell-Inspiron-Anti-Glare-LED-backlit-2019-Laptop-Pentium/dp/B07MPW6R8J/@p/sp.load.critical.html]
[www.amazon.co.uk/Dell-Inspiron-Anti-Glare-LED-backlit-2019-Laptop-Pentium/dp/B07MPW6R8J/@p/POST.html]
[images-eu.ssl-images-amazon.com/images/I/11QVEVR-F9L0e08.js]
[www.amazon.co.uk/Dell-Inspiron-Anti-Glare-LED-backlit-2019-Laptop-Pentium/dp/B07MPW6R8J/@p/GET.html]
[www.amazon.co.uk/Dell-Inspiron-Anti-Glare-LED-backlit-2019-Laptop-Pentium/dp/B07MPW6R8J/@p/@p/GET.html]
[www.amazon.co.uk/Dell-Inspiron-Anti-Glare-LED-backlit-2019-Laptop-Pentium/dp/B07MPW6R8J/Silk/sp.load.html]
[www.amazon.co.uk/Dell-Inspiron-Anti-Glare-LED-backlit-2019-Laptop-Pentium/dp/B07MPW6R8J/Silk/@p/index.html]
[www.amazon.co.uk/Dell-Inspiron-Anti-Glare-LED-backlit-2019-Laptop-Pentium/dp/B07MPW6R8J/Silk/@c/index.html]
[m.media-amazon.com/images/G/01/vap/video/airy2/prod/2.0.1460.0/js/airy.skin._CB485981857_.js]
[www.amazon.co.uk/Dell-Inspiron-Anti-Glare-LED-backlit-2019-Laptop-Pentium/dp/B07MPW6R8J/Silk/sp.load.critical.html]
[m.media-amazon.com/images/G/01/vap/video/airy2/prod/2.0.1460.0/css/beacon._CB485971591_.css]
[www.amazon.co.uk/Dell-Inspiron-Anti-Glare-LED-backlit-2019-Laptop-Pentium/dp/B07MPW6R8J/Silk/POST.html]
[www.amazon.co.uk/Dell-Inspiron-Anti-Glare-LED-backlit-2019-Laptop-Pentium/dp/B07MPW6R8J/Silk/index.html]
[www.amazon.co.uk/Dell-Inspiron-Anti-Glare-LED-backlit-2019-Laptop-Pentium/dp/B07MPW6R8J/SET_ADD_TO_CART_URL.html]
[www.amazon.co.uk/Dell-Inspiron-Anti-Glare-LED-backlit-2019-Laptop-Pentium/dp/B07MPW6R8J/SET_IMAGE_UPLOAD_POLICY_URL.html]
[m.media-amazon.com/images/G/02/gno/sprites/nav-sprite-global_bluebeacon-1x_optimized_layout1._CB468502434_.png]
[www.amazon.co.uk/Dell-Inspiron-Anti-Glare-LED-backlit-2019-Laptop-Pentium/dp/B07MPW6R8J/Silk/GET.html]
[m.media-amazon.com/images/G/02/javascripts/lib/popover/images/snake._CB485935565_.gif]
[m.media-amazon.com/images/G/02/gno/sprites/timeline_sprite_1x._CB439968193_.png]
[m.media-amazon.com/images/G/02/x-locale/common/transparent-pixel._CB485934990_.gif]
[www.amazon.co.uk/Dell-Inspiron-Anti-Glare-LED-backlit-2019-Laptop-Pentium/dp/B07MPW6R8J/SET_ADD_TO_LIST_URL.html]
[www.amazon.co.uk/Dell-Inspiron-Anti-Glare-LED-backlit-2019-Laptop-Pentium/dp/B07MPW6R8J/SET_WISHLIST_URL.html]
[m.media-amazon.com/images/I/61-6nKPKyWLdce7.js]
[m.media-amazon.com/images/I/51U6oQUnN6L4221.js]
[www.amazon.co.uk/Dell-Inspiron-Anti-Glare-LED-backlit-2019-Laptop-Pentium/dp/B07MPW6R8J/@c/@c/@c/@c/index.html]
[www.amazon.co.uk/Dell-Inspiron-Anti-Glare-LED-backlit-2019-Laptop-Pentium/dp/B07MPW6R8J/@c/@c/@c/sp.load.html]
[www.amazon.co.uk/Dell-Inspiron-Anti-Glare-LED-backlit-2019-Laptop-Pentium/dp/B07MPW6R8J/@c/@c/@c/sp.load.critical.html]
[www.amazon.co.uk/Dell-Inspiron-Anti-Glare-LED-backlit-2019-Laptop-Pentium/dp/B07MPW6R8J/@c/@c/@c/@p/index.html]
[www.amazon.co.uk/Dell-Inspiron-Anti-Glare-LED-backlit-2019-Laptop-Pentium/dp/B07MPW6R8J/@c/@c/@c/POST.html]
[www.amazon.co.uk/Dell-Inspiron-Anti-Glare-LED-backlit-2019-Laptop-Pentium/dp/B07MPW6R8J/@c/@c/@c/GET.html]
[www.amazon.co.uk/Dell-Inspiron-Anti-Glare-LED-backlit-2019-Laptop-Pentium/dp/B07MPW6R8J/@c/@c/@c/index.html]
[www.amazon.co.uk/Dell-Inspiron-Anti-Glare-LED-backlit-2019-Laptop-Pentium/dp/B07MPW6R8J/@c/@c/@p/@c/index.html]
[www.amazon.co.uk/Dell-Inspiron-Anti-Glare-LED-backlit-2019-Laptop-Pentium/dp/B07MPW6R8J/@c/@c/@p/@p/index.html]
[www.amazon.co.uk/Dell-Inspiron-Anti-Glare-LED-backlit-2019-Laptop-Pentium/dp/B07MPW6R8J/@c/@c/@p/sp.load.html]
[www.amazon.co.uk/Dell-Inspiron-Anti-Glare-LED-backlit-2019-Laptop-Pentium/dp/B07MPW6R8J/@c/@c/@p/sp.load.critical.html]
[www.amazon.co.uk/Dell-Inspiron-Anti-Glare-LED-backlit-2019-Laptop-Pentium/dp/B07MPW6R8J/@c/@c/@p/index.html]
[www.amazon.co.uk/Dell-Inspiron-Anti-Glare-LED-backlit-2019-Laptop-Pentium/dp/B07MPW6R8J/@c/@c/sp.load.html]
[www.amazon.co.uk/Dell-Inspiron-Anti-Glare-LED-backlit-2019-Laptop-Pentium/dp/B07MPW6R8J/@c/@c/sp.load.critical.html]
[www.amazon.co.uk/Dell-Inspiron-Anti-Glare-LED-backlit-2019-Laptop-Pentium/dp/B07MPW6R8J/@c/@c/POST.html]
[www.amazon.co.uk/Dell-Inspiron-Anti-Glare-LED-backlit-2019-Laptop-Pentium/dp/B07MPW6R8J/@c/@c/GET.html]
[www.amazon.co.uk/Dell-Inspiron-Anti-Glare-LED-backlit-2019-Laptop-Pentium/dp/B07MPW6R8J/@c/@p/@c/index.html]
[www.amazon.co.uk/Dell-Inspiron-Anti-Glare-LED-backlit-2019-Laptop-Pentium/dp/B07MPW6R8J/@c/@p/@p/index.html]
[www.amazon.co.uk/Dell-Inspiron-Anti-Glare-LED-backlit-2019-Laptop-Pentium/dp/B07MPW6R8J/@c/@p/sp.load.html]
[www.amazon.co.uk/Dell-Inspiron-Anti-Glare-LED-backlit-2019-Laptop-Pentium/dp/B07MPW6R8J/@c/@p/sp.load.critical.html]
[www.amazon.co.uk/Dell-Inspiron-Anti-Glare-LED-backlit-2019-Laptop-Pentium/dp/B07MPW6R8J/@c/@c/@p/POST.html]
[www.amazon.co.uk/Dell-Inspiron-Anti-Glare-LED-backlit-2019-Laptop-Pentium/dp/B07MPW6R8J/@c/@p/POST.html]
[www.amazon.co.uk/Dell-Inspiron-Anti-Glare-LED-backlit-2019-Laptop-Pentium/dp/B07MPW6R8J/@c/@p/GET.html]
[www.amazon.co.uk/Dell-Inspiron-Anti-Glare-LED-backlit-2019-Laptop-Pentium/dp/B07MPW6R8J/@p/@c/@c/index.html]
[www.amazon.co.uk/Dell-Inspiron-Anti-Glare-LED-backlit-2019-Laptop-Pentium/dp/B07MPW6R8J/@p/@c/@p/index.html]
[www.amazon.co.uk/Dell-Inspiron-Anti-Glare-LED-backlit-2019-Laptop-Pentium/dp/B07MPW6R8J/@p/@c/sp.load.html]
[www.amazon.co.uk/Dell-Inspiron-Anti-Glare-LED-backlit-2019-Laptop-Pentium/dp/B07MPW6R8J/@p/@c/sp.load.critical.html]
[www.amazon.co.uk/Dell-Inspiron-Anti-Glare-LED-backlit-2019-Laptop-Pentium/dp/B07MPW6R8J/@p/@c/POST.html]
[www.amazon.co.uk/Dell-Inspiron-Anti-Glare-LED-backlit-2019-Laptop-Pentium/dp/B07MPW6R8J/@c/@c/@p/GET.html]
[www.amazon.co.uk/Dell-Inspiron-Anti-Glare-LED-backlit-2019-Laptop-Pentium/dp/B07MPW6R8J/@p/@c/GET.html]
[www.amazon.co.uk/Dell-Inspiron-Anti-Glare-LED-backlit-2019-Laptop-Pentium/dp/B07MPW6R8J/@p/@p/@c/index.html]
[www.amazon.co.uk/Dell-Inspiron-Anti-Glare-LED-backlit-2019-Laptop-Pentium/dp/B07MPW6R8J/@p/@p/@p/index.html]
[www.amazon.co.uk/Dell-Inspiron-Anti-Glare-LED-backlit-2019-Laptop-Pentium/dp/B07MPW6R8J/@p/@p/sp.load.html]
[www.amazon.co.uk/Dell-Inspiron-Anti-Glare-LED-backlit-2019-Laptop-Pentium/dp/B07MPW6R8J/@p/@p/sp.load.critical.html]
[www.amazon.co.uk/Dell-Inspiron-Anti-Glare-LED-backlit-2019-Laptop-Pentium/dp/B07MPW6R8J/@p/@p/POST.html]
[www.amazon.co.uk/Dell-Inspiron-Anti-Glare-LED-backlit-2019-Laptop-Pentium/dp/B07MPW6R8J/@p/@p/GET.html]
[www.amazon.co.uk/Dell-Inspiron-Anti-Glare-LED-backlit-2019-Laptop-Pentium/dp/B07MPW6R8J/Silk/@c/index.html]
[www.amazon.co.uk/Dell-Inspiron-Anti-Glare-LED-backlit-2019-Laptop-Pentium/dp/B07MPW6R8J/Silk/@p/index.html]
